<testsuites id="" name="" tests="15" failures="1" skipped="0" errors="0" time="69.85853999999999">
<testsuite name="comprehensive-fortune.spec.js" timestamp="2025-09-24T06:37:31.502Z" hostname="chromium" tests="7" failures="0" skipped="0" time="192.852" errors="0">
<testcase name="종합 Fortune 앱 기능 테스트 › 앱 초기 로딩 및 인증 우회 검증" classname="comprehensive-fortune.spec.js" time="17.97">
<system-out>
<![CDATA[🔧 [AUTH] Setting up test authentication
🔧 [AUTH] Test authentication setup completed
🧪 [TEST] 앱 초기 로딩 테스트 시작
🔧 [TEST] 페이지 제목: "Fortune - 운세 서비스"
🧪 [TEST] 앱 초기 로딩 테스트 완료
]]>
</system-out>
</testcase>
<testcase name="종합 Fortune 앱 기능 테스트 › 인증 상태 검증 및 UI 요소 확인" classname="comprehensive-fortune.spec.js" time="28.013">
<system-out>
<![CDATA[🔧 [AUTH] Setting up test authentication
🔧 [AUTH] Test authentication setup completed
🧪 [TEST] 인증 상태 검증 테스트 시작
🔧 [AUTH] Setting up test authentication
🔧 [AUTH] Test authentication setup completed
🔧 [AUTH] Bypassing login process
🔧 [AUTH] Login bypass may have failed, continuing anyway: page.waitForFunction: Timeout 15000ms exceeded.
🔧 [AUTH] Verifying authenticated state
🔧 [AUTH] Authentication state: NOT AUTHENTICATED
🔧 [AUTH] Authentication flow completed: PARTIAL/FAILED
🔧 [TEST] UI 요소: 버튼 0개, 클릭 가능 1개, 텍스트 0개
🧪 [TEST] 인증 상태 검증 테스트 완료
]]>
</system-out>
</testcase>
<testcase name="종합 Fortune 앱 기능 테스트 › Fortune 기능 접근성 테스트" classname="comprehensive-fortune.spec.js" time="26.82">
<system-out>
<![CDATA[🔧 [AUTH] Setting up test authentication
🔧 [AUTH] Test authentication setup completed
🧪 [TEST] Fortune 기능 접근성 테스트 시작
🔧 [AUTH] Setting up test authentication
🔧 [AUTH] Test authentication setup completed
🔧 [AUTH] Bypassing login process
🔧 [AUTH] Login bypass may have failed, continuing anyway: page.waitForFunction: Timeout 15000ms exceeded.
🔧 [AUTH] Verifying authenticated state
🔧 [AUTH] Authentication state: NOT AUTHENTICATED
🔧 [AUTH] Authentication flow completed: PARTIAL/FAILED
🔧 [TEST] 발견된 Fortune 키워드: Fortune
🔧 [TEST] Fortune 요소 0개 발견
🧪 [TEST] Fortune 기능 접근성 테스트 완료
]]>
</system-out>
</testcase>
<testcase name="종합 Fortune 앱 기능 테스트 › 상호작용 가능한 요소 테스트" classname="comprehensive-fortune.spec.js" time="32.748">
<system-out>
<![CDATA[🔧 [AUTH] Setting up test authentication
🔧 [AUTH] Test authentication setup completed
🧪 [TEST] 상호작용 테스트 시작
🔧 [AUTH] Setting up test authentication
🔧 [AUTH] Test authentication setup completed
🔧 [AUTH] Bypassing login process
🔧 [AUTH] Login bypass may have failed, continuing anyway: page.waitForFunction: Timeout 15000ms exceeded.
🔧 [AUTH] Verifying authenticated state
🔧 [AUTH] Authentication state: NOT AUTHENTICATED
🔧 [AUTH] Authentication flow completed: PARTIAL/FAILED
🔧 [TEST] "[role="button"]" 요소 1개 발견
🔧 [TEST] 요소 정보 - 텍스트: "", 라벨: "Enable accessibility"
🔧 [TEST] "[role="button"]" 클릭 실패: locator.click: Timeout 5000ms exceeded.
Call log:
[2m  - waiting for locator('[role="button"]').first()[22m
[2m    - locator resolved to <flt-semantics-placeholder tabindex="0" role="button" aria-live="polite" aria-label="Enable accessibility"></flt-semantics-placeholder>[22m
[2m  - attempting click action[22m
[2m    2 × waiting for element to be visible, enabled and stable[22m
[2m      - element is visible, enabled and stable[22m
[2m      - scrolling into view if needed[22m
[2m      - done scrolling[22m
[2m      - element is outside of the viewport[22m
[2m    - retrying click action[22m
[2m    - waiting 20ms[22m
[2m    2 × waiting for element to be visible, enabled and stable[22m
[2m      - element is visible, enabled and stable[22m
[2m      - scrolling into view if needed[22m
[2m      - done scrolling[22m
[2m      - element is outside of the viewport[22m
[2m    - retrying click action[22m
[2m      - waiting 100ms[22m
[2m    8 × waiting for element to be visible, enabled and stable[22m
[2m      - element is visible, enabled and stable[22m
[2m      - scrolling into view if needed[22m
[2m      - done scrolling[22m
[2m      - element is outside of the viewport[22m
[2m    - retrying click action[22m
[2m      - waiting 500ms[22m

🧪 [TEST] 상호작용 테스트 완료
]]>
</system-out>
</testcase>
<testcase name="종합 Fortune 앱 기능 테스트 › 폼 입력 및 데이터 제출 테스트" classname="comprehensive-fortune.spec.js" time="27.879">
<system-out>
<![CDATA[🔧 [AUTH] Setting up test authentication
🔧 [AUTH] Test authentication setup completed
🧪 [TEST] 폼 입력 테스트 시작
🔧 [AUTH] Setting up test authentication
🔧 [AUTH] Test authentication setup completed
🔧 [AUTH] Bypassing login process
🔧 [AUTH] Login bypass may have failed, continuing anyway: page.waitForFunction: Timeout 15000ms exceeded.
🔧 [AUTH] Verifying authenticated state
🔧 [AUTH] Authentication state: NOT AUTHENTICATED
🔧 [AUTH] Authentication flow completed: PARTIAL/FAILED
🔧 [TEST] 입력 필드 0개 발견
🧪 [TEST] 폼 입력 테스트 완료
]]>
</system-out>
</testcase>
<testcase name="종합 Fortune 앱 기능 테스트 › 네비게이션 및 페이지 이동 테스트" classname="comprehensive-fortune.spec.js" time="27.748">
<system-out>
<![CDATA[🔧 [AUTH] Setting up test authentication
🔧 [AUTH] Test authentication setup completed
🧪 [TEST] 네비게이션 테스트 시작
🔧 [AUTH] Setting up test authentication
🔧 [AUTH] Test authentication setup completed
🔧 [AUTH] Bypassing login process
🔧 [AUTH] Login bypass may have failed, continuing anyway: page.waitForFunction: Timeout 15000ms exceeded.
🔧 [AUTH] Verifying authenticated state
🔧 [AUTH] Authentication state: NOT AUTHENTICATED
🔧 [AUTH] Authentication flow completed: PARTIAL/FAILED
🔧 [TEST] 네비게이션 요소를 찾을 수 없음 - 단일 페이지 앱일 수 있음
🧪 [TEST] 네비게이션 테스트 완료
]]>
</system-out>
</testcase>
<testcase name="종합 Fortune 앱 기능 테스트 › 에러 처리 및 복구 테스트" classname="comprehensive-fortune.spec.js" time="31.674">
<system-out>
<![CDATA[🔧 [AUTH] Setting up test authentication
🔧 [AUTH] Test authentication setup completed
🧪 [TEST] 에러 처리 테스트 시작
🔧 [AUTH] Setting up test authentication
🔧 [AUTH] Test authentication setup completed
🔧 [AUTH] Bypassing login process
🔧 [AUTH] Login bypass may have failed, continuing anyway: page.waitForFunction: Timeout 15000ms exceeded.
🔧 [AUTH] Verifying authenticated state
🔧 [AUTH] Authentication state: NOT AUTHENTICATED
🔧 [AUTH] Authentication flow completed: PARTIAL/FAILED
🔧 [TEST] 총 페이지 에러: 0개
🔧 [TEST] 총 네트워크 에러: 0개
🧪 [TEST] 에러 처리 테스트 완료
]]>
</system-out>
</testcase>
</testsuite>
<testsuite name="e2e/auth.spec.js" timestamp="2025-09-24T06:37:31.502Z" hostname="chromium" tests="3" failures="0" skipped="0" time="57.584" errors="0">
<testcase name="Authentication Flow › should bypass login in test mode" classname="e2e/auth.spec.js" time="8.908">
<system-out>
<![CDATA[🧪 [TEST] Starting auth bypass test
🔧 [AUTH] Setting up test authentication
🔧 [AUTH] Test authentication setup completed
🔧 [TEST] Landing page not found - auth bypass likely working
🧪 [TEST] Auth bypass test completed
]]>
</system-out>
</testcase>
<testcase name="Authentication Flow › should handle test authentication state" classname="e2e/auth.spec.js" time="23.937">
<system-out>
<![CDATA[🧪 [TEST] Starting authentication state test
🔧 [AUTH] Setting up test authentication
🔧 [AUTH] Test authentication setup completed
🔧 [AUTH] Bypassing login process
🔧 [AUTH] Login bypass may have failed, continuing anyway: page.waitForFunction: Timeout 15000ms exceeded.
🔧 [AUTH] Verifying authenticated state
🔧 [AUTH] Authentication state: NOT AUTHENTICATED
🔧 [AUTH] Authentication flow completed: PARTIAL/FAILED
🔧 [TEST] Page title: Fortune - 운세 서비스
🔧 [TEST] Authentication detected: true
🧪 [TEST] Authentication state test completed
]]>
</system-out>
</testcase>
<testcase name="Authentication Flow › should navigate app after authentication" classname="e2e/auth.spec.js" time="24.739">
<system-out>
<![CDATA[🧪 [TEST] Starting navigation test
🔧 [AUTH] Setting up test authentication
🔧 [AUTH] Test authentication setup completed
🔧 [AUTH] Bypassing login process
🔧 [AUTH] Login bypass may have failed, continuing anyway: page.waitForFunction: Timeout 15000ms exceeded.
🔧 [AUTH] Verifying authenticated state
🔧 [AUTH] Authentication state: NOT AUTHENTICATED
🔧 [AUTH] Authentication flow completed: PARTIAL/FAILED
🔧 [TEST] Found 0 navigation elements
🔧 [TEST] Found 0 buttons and 0 links
🧪 [TEST] Navigation test completed
]]>
</system-out>
</testcase>
</testsuite>
<testsuite name="e2e/fortune.spec.js" timestamp="2025-09-24T06:37:31.502Z" hostname="chromium" tests="3" failures="1" skipped="0" time="95.772" errors="0">
<testcase name="Fortune Generation Flow › should access fortune features after authentication" classname="e2e/fortune.spec.js" time="28.526">
<failure message="fortune.spec.js:14:3 should access fortune features after authentication" type="FAILURE">
<![CDATA[  [chromium] › e2e/fortune.spec.js:14:3 › Fortune Generation Flow › should access fortune features after authentication 

    Error: expect(received).toBeGreaterThan(expected)

    Expected: > 0
    Received:   0

      42 |
      43 |     // Basic expectations
    > 44 |     expect(foundKeywords.length).toBeGreaterThan(0);
         |                                  ^
      45 |     expect(buttons).toBeGreaterThan(0);
      46 |
      47 |     console.log('🧪 [TEST] Fortune access test completed');
        at /Users/jacobmac/Desktop/Dev/fortune/playwright/tests/e2e/fortune.spec.js:44:34

    attachment #1: screenshot (image/png) ──────────────────────────────────────────────────────────
    ../../test-results/e2e-fortune-Fortune-Genera-4617e-atures-after-authentication-chromium/test-failed-1.png
    ────────────────────────────────────────────────────────────────────────────────────────────────

    attachment #2: video (video/webm) ──────────────────────────────────────────────────────────────
    ../../test-results/e2e-fortune-Fortune-Genera-4617e-atures-after-authentication-chromium/video.webm
    ────────────────────────────────────────────────────────────────────────────────────────────────

    Error Context: ../../test-results/e2e-fortune-Fortune-Genera-4617e-atures-after-authentication-chromium/error-context.md
]]>
</failure>
<system-out>
<![CDATA[🔧 [AUTH] Setting up test authentication
🔧 [AUTH] Test authentication setup completed
🔧 [AUTH] Bypassing login process
🔧 [AUTH] Login bypass may have failed, continuing anyway: page.waitForFunction: Timeout 15000ms exceeded.
🔧 [AUTH] Verifying authenticated state
🔧 [AUTH] Authentication state: NOT AUTHENTICATED
🔧 [AUTH] Authentication flow completed: PARTIAL/FAILED
🧪 [TEST] Starting fortune access test
🔧 [TEST] Found fortune keywords: 
🔧 [TEST] Found 0 buttons
🔧 [TEST] Found 0 potential fortune elements

[[ATTACHMENT|e2e-fortune-Fortune-Genera-4617e-atures-after-authentication-chromium/test-failed-1.png]]

[[ATTACHMENT|e2e-fortune-Fortune-Genera-4617e-atures-after-authentication-chromium/video.webm]]

[[ATTACHMENT|e2e-fortune-Fortune-Genera-4617e-atures-after-authentication-chromium/error-context.md]]
]]>
</system-out>
</testcase>
<testcase name="Fortune Generation Flow › should interact with fortune generation" classname="e2e/fortune.spec.js" time="41.379">
<system-out>
<![CDATA[🔧 [AUTH] Setting up test authentication
🔧 [AUTH] Test authentication setup completed
🔧 [AUTH] Bypassing login process
🔧 [AUTH] Login bypass may have failed, continuing anyway: page.waitForFunction: Timeout 15000ms exceeded.
🔧 [AUTH] Verifying authenticated state
🔧 [AUTH] Authentication state: NOT AUTHENTICATED
🔧 [AUTH] Authentication flow completed: PARTIAL/FAILED
🧪 [TEST] Starting fortune interaction test
🔧 [TEST] Found 1 clickable elements
🔧 [TEST] Clicking element 1
🔧 [TEST] Failed to click element 1: locator.click: Timeout 15000ms exceeded.
Call log:
[2m  - waiting for locator('button, [role="button"], .clickable, [class*="card"]').first()[22m
[2m    - locator resolved to <flt-semantics-placeholder tabindex="0" role="button" aria-live="polite" aria-label="Enable accessibility"></flt-semantics-placeholder>[22m
[2m  - attempting click action[22m
[2m    2 × waiting for element to be visible, enabled and stable[22m
[2m      - element is visible, enabled and stable[22m
[2m      - scrolling into view if needed[22m
[2m      - done scrolling[22m
[2m      - element is outside of the viewport[22m
[2m    - retrying click action[22m
[2m    - waiting 20ms[22m
[2m    2 × waiting for element to be visible, enabled and stable[22m
[2m      - element is visible, enabled and stable[22m
[2m      - scrolling into view if needed[22m
[2m      - done scrolling[22m
[2m      - element is outside of the viewport[22m
[2m    - retrying click action[22m
[2m      - waiting 100ms[22m
[2m    28 × waiting for element to be visible, enabled and stable[22m
[2m       - element is visible, enabled and stable[22m
[2m       - scrolling into view if needed[22m
[2m       - done scrolling[22m
[2m       - element is outside of the viewport[22m
[2m     - retrying click action[22m
[2m       - waiting 500ms[22m

🔧 [TEST] Found 0 modal elements
🧪 [TEST] Fortune interaction test completed
]]>
</system-out>
</testcase>
<testcase name="Fortune Generation Flow › should handle fortune generation flow" classname="e2e/fortune.spec.js" time="25.867">
<system-out>
<![CDATA[🔧 [AUTH] Setting up test authentication
🔧 [AUTH] Test authentication setup completed
🔧 [AUTH] Bypassing login process
🔧 [AUTH] Login bypass may have failed, continuing anyway: page.waitForFunction: Timeout 15000ms exceeded.
🔧 [AUTH] Verifying authenticated state
🔧 [AUTH] Authentication state: NOT AUTHENTICATED
🔧 [AUTH] Authentication flow completed: PARTIAL/FAILED
🧪 [TEST] Starting fortune generation flow test
🔧 [TEST] Found 0 input elements
🔧 [TEST] Found 0 submit buttons
🧪 [TEST] Fortune generation flow test completed
]]>
</system-out>
</testcase>
</testsuite>
<testsuite name="simple-test.spec.js" timestamp="2025-09-24T06:37:31.502Z" hostname="chromium" tests="2" failures="0" skipped="0" time="9.991" errors="0">
<testcase name="Fortune App Direct Testing › should test app functionality without Flutter server" classname="simple-test.spec.js" time="9.291">
<system-out>
<![CDATA[🧪 [TEST] Starting direct app test
🔧 [PLAYWRIGHT] Attempting to connect to localhost:3000
🔧 [PLAYWRIGHT] Connected to app successfully
🔧 [PLAYWRIGHT] Page title: "Fortune - 운세 서비스"
🔧 [PLAYWRIGHT] Body length: 2441 characters
🔧 [PLAYWRIGHT] Found keywords: Fortune
🔧 [PLAYWRIGHT] Interactive elements: 0 buttons, 0 links, 0 inputs
🧪 [TEST] Direct app test completed successfully
]]>
</system-out>
</testcase>
<testcase name="Fortune App Direct Testing › should test with a simple web page" classname="simple-test.spec.js" time="0.7">
<system-out>
<![CDATA[🧪 [TEST] Starting simple web page test
🔧 [PLAYWRIGHT] Test result: 🔧 테스트 운세: 오늘은 테스트하기 좋은 날입니다!
🧪 [TEST] Simple web page test completed
]]>
</system-out>
</testcase>
</testsuite>
</testsuites>